node : node:internal/modul
es/cjs/loader:1386
Au caractère Ligne:1 : 1
+ node server.js 2> 
error_log.txt
+ ~~~~~~~~~~~~~~~~~~~~~~~~
~~~~~~~
    + CategoryInfo        
      : NotSpecified: (n  
  ode:internal/modules/   
 cjs/loader:1386:Strin    
g) [], RemoteExceptio    n
    + FullyQualifiedError 
   Id : NativeCommandErr  
  or
 
  throw err;
  ^

Error: Cannot find module 
'../middlewares/authMiddle
ware'
Require stack:
- C:\Users\hp\delivery-app
\backend\routes\reservatio
nRoutes.js
- C:\Users\hp\delivery-app
\backend\server.js
    at 
Function._resolveFilename 
(node:internal/modules/cjs
/loader:1383:15)
    at defaultResolveImpl 
(node:internal/modules/cjs
/loader:1025:19)
    at 
resolveForCJSWithHooks (no
de:internal/modules/cjs/lo
ader:1030:22)
    at Function._load (nod
e:internal/modules/cjs/loa
der:1192:37)
    at 
TracingChannel.traceSync (
node:diagnostics_channel:3
28:14)
    at wrapModuleLoad (nod
e:internal/modules/cjs/loa
der:237:24)
    at Module.require (nod
e:internal/modules/cjs/loa
der:1463:12)
    at require (node:inter
nal/modules/helpers:147:16
)
    at Object.<anonymous> 
(C:\Users\hp\delivery-app\
backend\routes\reservation
Routes.js:4:21)
    at Module._compile (no
de:internal/modules/cjs/lo
ader:1706:14) {
  code: 
'MODULE_NOT_FOUND',
  requireStack: [
    'C:\\Users\\hp\\delive
ry-app\\backend\\routes\\r
eservationRoutes.js',
    'C:\\Users\\hp\\delive
ry-app\\backend\\server.js
'
  ]
}

Node.js v22.21.0
